00035.jpg 15750 -> 41936
00043.jpg 14166 -> 41938
00125.jpg 15852 -> 43938
00137.jpg 15910 -> 41930
00138.jpg 15887 -> 42003
00143.jpg 16924 -> 43799
00145.jpg 16875 -> 43848
00148.jpg 15453 -> 42595
00154.jpg 16853 -> 43293
00157.jpg 15410 -> 41501
00161.jpg 15755 -> 42734
00173.jpg 15773 -> 41127
00174.jpg 15397 -> 41417
00175.jpg 15399 -> 41496
00185.jpg 15453 -> 42474
00195.jpg 15857 -> 39474
00208.jpg 15453 -> 41275
00264.jpg 16866 -> 43910
00278.jpg 16924 -> 43417
00515.jpg 12044 -> 35722
00724.jpg 16061 -> 41454
00730.jpg 17180 -> 43681
00744.jpg 17180 -> 44779
00752.jpg 17180 -> 44849
00836.jpg 17180 -> 44884
00840.jpg 17180 -> 47806
00847.jpg 17180 -> 48401
00877.jpg 18697 -> 47643
00887.jpg 18744 -> 48435
00914.jpg 17180 -> 48229
00921.jpg 18700 -> 48739
00930.jpg 18700 -> 48401
00931.jpg 17180 -> 47545
00939.jpg 18697 -> 47848
00942.jpg 17180 -> 48855
00950.jpg 18697 -> 49633
00953.jpg 18631 -> 47289
00961.jpg 17180 -> 47080
00966.jpg 17292 -> 47333
00969.jpg 17625 -> 47402
01003.jpg 19077 -> 46939
01017.jpg 19093 -> 48368
01041.jpg 15214 -> 48118
