00026.jpg 14993 -> 53113
00030.jpg 14966 -> 51502
00031.jpg 14956 -> 50928
00032.jpg 16466 -> 52753
00033.jpg 16481 -> 51049
00041.jpg 18348 -> 51806
00044.jpg 18321 -> 51768
00045.jpg 18936 -> 52395
00060.jpg 18200 -> 52333
00061.jpg 18212 -> 46237
00062.jpg 18212 -> 45736
00100.jpg 13269 -> 40173
00106.jpg 17095 -> 46878
00107.jpg 17171 -> 45379
00123.jpg 13269 -> 40030
00130.jpg 17175 -> 46866
00131.jpg 17171 -> 45489
00144.jpg 11359 -> 45858
00149.jpg 13921 -> 41297
00175.jpg 13757 -> 44418
00177.jpg 13165 -> 41760
00182.jpg 17171 -> 44630
00186.jpg 13215 -> 46551
00197.jpg 18934 -> 44308
00217.jpg 16934 -> 52033
00218.jpg 16979 -> 49349
00221.jpg 12789 -> 50758
00222.jpg 12835 -> 49156
00243.jpg 18600 -> 49054
00244.jpg 18765 -> 47461
00258.jpg 16272 -> 48000
00260.jpg 12494 -> 48699
00274.jpg 16724 -> 47315
00276.jpg 16732 -> 49555
00277.jpg 16639 -> 50019
00278.jpg 16762 -> 48168
00282.jpg 11017 -> 36932
00289.jpg 11481 -> 42642
00290.jpg 11475 -> 43768
00291.jpg 11673 -> 48543
00292.jpg 11765 -> 49850
00294.jpg 11733 -> 48709
00295.jpg 13036 -> 50230
00296.jpg 13127 -> 51137
00316.jpg 16528 -> 46988
00317.jpg 16934 -> 46282
00318.jpg 15306 -> 47747
00320.jpg 11184 -> 50297
00321.jpg 11088 -> 49689
00322.jpg 11184 -> 48197
00331.jpg 11591 -> 47737
00335.jpg 11762 -> 51031
00336.jpg 11772 -> 52389
00337.jpg 13027 -> 52006
00348.jpg 16277 -> 48858
00349.jpg 16307 -> 46769
00350.jpg 16196 -> 46628
00358.jpg 14158 -> 47912
00370.jpg 17586 -> 46158
00371.jpg 17483 -> 45986
00372.jpg 15343 -> 43298
00377.jpg 13664 -> 41733
00378.jpg 13640 -> 44864
00379.jpg 13731 -> 45744
00389.jpg 17952 -> 47600
00391.jpg 17857 -> 47537
00392.jpg 16820 -> 47074
00396.jpg 11029 -> 50998
00397.jpg 11102 -> 49731
00398.jpg 10985 -> 52348
00399.jpg 11018 -> 51501
00400.jpg 11064 -> 48987
00401.jpg 10941 -> 47767
00403.jpg 12293 -> 43729
