00045.jpg 10022 -> 45141
00087.jpg 15292 -> 49178
00104.jpg 13412 -> 48241
00123.jpg 13259 -> 48778
00159.jpg 12126 -> 48260
00190.jpg 13361 -> 49101
00273.jpg 12894 -> 37099
00359.jpg 15266 -> 39834
00360.jpg 12518 -> 37982
00373.jpg 12358 -> 37566
00400.jpg 13842 -> 39581
00433.jpg 11546 -> 38016
00471.jpg 12897 -> 41429
00473.jpg 15375 -> 42418
00477.jpg 12840 -> 40583
00489.jpg 15140 -> 33901
00500.jpg 13540 -> 40586
00504.jpg 13888 -> 40298
00506.jpg 14377 -> 40466
00516.jpg 14209 -> 41145
00532.jpg 14065 -> 41355
00568.jpg 14781 -> 40928
00707.jpg 12573 -> 43315
00737.jpg 11936 -> 43200
00739.jpg 12498 -> 43409
00767.jpg 11665 -> 44727
00803.jpg 13399 -> 46325
00823.jpg 14435 -> 47911
00886.jpg 12515 -> 46772
00888.jpg 12282 -> 46950
00891.jpg 13562 -> 47661
00957.jpg 22358 -> 52690
00968.jpg 23635 -> 53898
00976.jpg 13285 -> 61743
00992.jpg 16089 -> 59988
01005.jpg 23536 -> 53354
01009.jpg 13057 -> 58916
01032.jpg 22684 -> 54343
01036.jpg 15810 -> 61832
01055.jpg 14505 -> 63723
01109.jpg 12731 -> 59963
