00021.jpg 2748 -> 53117
00026.jpg 2748 -> 55910
00029.jpg 2748 -> 51180
00079.jpg 2748 -> 58904
00086.jpg 2748 -> 55634
00097.jpg 2748 -> 57813
00121.jpg 2748 -> 51148
00124.jpg 2748 -> 52121
00139.jpg 2748 -> 48657
00143.jpg 2748 -> 50582
00184.jpg 2748 -> 42409
00226.jpg 2748 -> 50903
00229.jpg 2748 -> 49221
00234.jpg 2748 -> 44187
00238.jpg 2748 -> 47148
00284.jpg 2748 -> 35498
00307.jpg 2748 -> 46694
00331.jpg 2748 -> 41416
00332.jpg 2748 -> 40747
00333.jpg 2748 -> 41465
00336.jpg 2748 -> 39017
00374.jpg 2748 -> 40479
00412.jpg 2748 -> 42747
00416.jpg 2748 -> 44381
00429.jpg 2748 -> 50811
00453.jpg 2748 -> 44762
00485.jpg 2748 -> 38650
00496.jpg 2748 -> 47253
00515.jpg 2748 -> 32649
00580.jpg 2748 -> 39484
00587.jpg 2748 -> 33970
00590.jpg 2748 -> 42024
00595.jpg 2748 -> 32193
00599.jpg 2748 -> 43254
00695.jpg 2748 -> 36484
00702.jpg 2748 -> 42040
00722.jpg 2748 -> 43402
00730.jpg 2748 -> 42146
00732.jpg 2748 -> 43231
00753.jpg 2748 -> 37688
00785.jpg 2748 -> 37054
00805.jpg 2748 -> 37226
00820.jpg 2748 -> 31500
00823.jpg 2748 -> 31385
00826.jpg 2748 -> 33071
00845.jpg 2748 -> 47551
00853.jpg 2748 -> 38003
00928.jpg 2748 -> 34860
00931.jpg 2748 -> 37092
00934.jpg 2748 -> 37638
00983.jpg 2748 -> 39891
01012.jpg 2748 -> 35770
01015.jpg 2748 -> 46718
01026.jpg 2748 -> 35738
01046.jpg 2748 -> 34251
01058.jpg 2748 -> 41454
01077.jpg 2748 -> 35178
01085.jpg 2748 -> 36409
01090.jpg 2748 -> 38564
01096.jpg 2748 -> 25448
01111.jpg 2748 -> 38304
01147.jpg 2748 -> 40834
01161.jpg 2748 -> 33979
01162.jpg 2748 -> 29499
01165.jpg 2748 -> 37923
01177.jpg 2748 -> 39022
01178.jpg 2748 -> 39713
01179.jpg 2748 -> 37239
01182.jpg 2748 -> 35190
01207.jpg 2748 -> 42748
01208.jpg 2748 -> 43849
