00018.jpg 18949 -> 61951
00039.jpg 12027 -> 57687
00041.jpg 12093 -> 54534
00059.jpg 12090 -> 35951
00062.jpg 12155 -> 35497
00064.jpg 12145 -> 36418
00076.jpg 12122 -> 37793
00106.jpg 12105 -> 30667
00121.jpg 12078 -> 53031
00122.jpg 12057 -> 52587
00127.jpg 12099 -> 48408
00128.jpg 12133 -> 50167
00129.jpg 12085 -> 43773
00131.jpg 12094 -> 51729
00132.jpg 12118 -> 59233
00134.jpg 12072 -> 55353
00135.jpg 12071 -> 53517
00137.jpg 12113 -> 54340
00138.jpg 12133 -> 55771
00139.jpg 12073 -> 60832
00140.jpg 12059 -> 51513
00141.jpg 12122 -> 52093
00144.jpg 12096 -> 49565
00154.jpg 12098 -> 48950
00157.jpg 12098 -> 46780
00183.jpg 17542 -> 50747
00259.jpg 11818 -> 41928
00265.jpg 11857 -> 37723
00266.jpg 11818 -> 37626
00268.jpg 11818 -> 37965
00269.jpg 11857 -> 38644
00271.jpg 11857 -> 39092
00272.jpg 11818 -> 39021
00273.jpg 11834 -> 38982
00276.jpg 11808 -> 39189
00279.jpg 10809 -> 38408
00280.jpg 10839 -> 21261
00284.jpg 10802 -> 39604
00285.jpg 10850 -> 37842
00287.jpg 10821 -> 42861
00291.jpg 10832 -> 49862
00293.jpg 10887 -> 50742
00296.jpg 10820 -> 43794
00297.jpg 10878 -> 48003
00298.jpg 10832 -> 61905
00299.jpg 12317 -> 60583
00305.jpg 19109 -> 63323
00308.jpg 19106 -> 63331
00319.jpg 19048 -> 53579
00320.jpg 17189 -> 51769
00321.jpg 17189 -> 46307
00347.jpg 13043 -> 52706
00350.jpg 13190 -> 53179
00355.jpg 13074 -> 60978
00357.jpg 13057 -> 51281
00358.jpg 13098 -> 47441
00361.jpg 13086 -> 44557
00362.jpg 13190 -> 47704
00390.jpg 19469 -> 50254
00392.jpg 19380 -> 58545
00393.jpg 19403 -> 62516
00394.jpg 19348 -> 63454
00395.jpg 19382 -> 55265
00396.jpg 19384 -> 51259
00397.jpg 19370 -> 56489
00398.jpg 19382 -> 58035
00399.jpg 19382 -> 54310
00400.jpg 19342 -> 54279
00401.jpg 19368 -> 49700
00460.jpg 15749 -> 39359
00475.jpg 8949 -> 7590
00478.jpg 4733 -> 4274
00483.jpg 4765 -> 3196
00489.jpg 3741 -> 3149
00492.jpg 9855 -> 4177
00496.jpg 3308 -> 3149
00499.jpg 3149 -> 3149
00502.jpg 3149 -> 3149
00505.jpg 3198 -> 3149
00509.jpg 3197 -> 15043
00512.jpg 3149 -> 3149
00515.jpg 3149 -> 3149
00518.jpg 3149 -> 3149
00521.jpg 3149 -> 3149
00524.jpg 9843 -> 4202
00528.jpg 3194 -> 3149
00531.jpg 3149 -> 3149
00534.jpg 3149 -> 3149
00537.jpg 3149 -> 3149
00541.jpg 3149 -> 12788
00544.jpg 3195 -> 3149
00547.jpg 3149 -> 3149
00550.jpg 3149 -> 3149
00553.jpg 3149 -> 3149
00556.jpg 10787 -> 4642
00560.jpg 3149 -> 3149
00563.jpg 3149 -> 3149
00566.jpg 3149 -> 3149
00569.jpg 3149 -> 3149
00573.jpg 3198 -> 14851
00576.jpg 3197 -> 3149
00579.jpg 3149 -> 3149
00582.jpg 3149 -> 3149
00585.jpg 3149 -> 3149
00592.jpg 3149 -> 3149
00594.jpg 5719 -> 3196
00595.jpg 3149 -> 3149
00597.jpg 9024 -> 4193
00598.jpg 3149 -> 3149
00600.jpg 9349 -> 3300
00601.jpg 3149 -> 3149
00604.jpg 3149 -> 3149
00607.jpg 3196 -> 3149
00608.jpg 3149 -> 3149
00609.jpg 3149 -> 3149
00613.jpg 7648 -> 3438
00614.jpg 3149 -> 3149
00618.jpg 3149 -> 12790
00622.jpg 3196 -> 3149
00623.jpg 3149 -> 3149
00626.jpg 3435 -> 3149
00629.jpg 3149 -> 3149
00633.jpg 3773 -> 3149
00636.jpg 3203 -> 3149
00643.jpg 3421 -> 3149
00646.jpg 3149 -> 3149
00649.jpg 3149 -> 3149
00652.jpg 3149 -> 3149
00655.jpg 12219 -> 4771
00658.jpg 12601 -> 4977
00662.jpg 3391 -> 3149
00665.jpg 3149 -> 3149
00668.jpg 3196 -> 3149
00671.jpg 3149 -> 3149
00678.jpg 3198 -> 3149
00681.jpg 3149 -> 3149
00684.jpg 3149 -> 3149
00687.jpg 3149 -> 3149
00690.jpg 3149 -> 3149
00693.jpg 9627 -> 3759
00697.jpg 3149 -> 3149
00699.jpg 7873 -> 3418
00700.jpg 3149 -> 3149
00703.jpg 3149 -> 3149
00706.jpg 3195 -> 3149
00709.jpg 3149 -> 3149
00716.jpg 3941 -> 3149
00718.jpg 9677 -> 3765
00719.jpg 3149 -> 3149
00721.jpg 11056 -> 3771
00722.jpg 3149 -> 3149
00724.jpg 9860 -> 3387
00725.jpg 3149 -> 3149
00728.jpg 3149 -> 3149
00731.jpg 3196 -> 3149
00738.jpg 3421 -> 3149
00741.jpg 3149 -> 3149
00743.jpg 11087 -> 3771
00744.jpg 3149 -> 3149
00747.jpg 3149 -> 3149
00750.jpg 3149 -> 3149
00751.jpg 3149 -> 3149
00752.jpg 3149 -> 3149
00755.jpg 14424 -> 5006
00759.jpg 3198 -> 3149
00763.jpg 3888 -> 3149
00764.jpg 3149 -> 3149
00774.jpg 13172 -> 43216
00775.jpg 13230 -> 41819
00776.jpg 13205 -> 39883
00777.jpg 13204 -> 38580
00778.jpg 13204 -> 37994
00781.jpg 13171 -> 39007
00782.jpg 13169 -> 40382
00783.jpg 13193 -> 39574
00784.jpg 13171 -> 39251
00785.jpg 13169 -> 38948
00787.jpg 13175 -> 35710
00788.jpg 13173 -> 36858
00789.jpg 13198 -> 37572
00793.jpg 13242 -> 38605
00796.jpg 13334 -> 36401
00833.jpg 11985 -> 39377
00834.jpg 12024 -> 29792
00845.jpg 12020 -> 31121
00848.jpg 12017 -> 29457
01187.jpg 17074 -> 42447
01193.jpg 11825 -> 9270
01194.jpg 7743 -> 7743
