00017.jpg 14951 -> 51789
00018.jpg 15022 -> 51253
00019.jpg 16481 -> 52038
00028.jpg 18342 -> 51549
00030.jpg 17013 -> 51354
00032.jpg 18936 -> 52110
00033.jpg 18936 -> 52082
00047.jpg 17506 -> 53564
00048.jpg 18228 -> 52578
00049.jpg 18212 -> 46213
00066.jpg 18156 -> 46593
00092.jpg 14074 -> 39817
00093.jpg 13930 -> 43522
00094.jpg 12130 -> 46990
00095.jpg 12157 -> 45359
00101.jpg 12051 -> 45864
00102.jpg 13763 -> 47511
00104.jpg 13269 -> 42675
00110.jpg 17040 -> 44279
00111.jpg 17171 -> 45158
00128.jpg 17018 -> 45206
00129.jpg 17171 -> 47392
00134.jpg 11263 -> 48135
00135.jpg 10942 -> 44160
