00143.jpg 12659 -> 49236
00218.jpg 10792 -> 48404
00291.jpg 13462 -> 50476
00375.jpg 10982 -> 48755
00408.jpg 11213 -> 50457
00549.jpg 13015 -> 38908
00550.jpg 11350 -> 38240
00598.jpg 12797 -> 40025
00621.jpg 11618 -> 39294
00663.jpg 12699 -> 40263
00677.jpg 12857 -> 40067
00695.jpg 15142 -> 42030
00780.jpg 13252 -> 41515
00784.jpg 11833 -> 40718
00801.jpg 16147 -> 43221
00825.jpg 14271 -> 41896
00843.jpg 13514 -> 41153
00868.jpg 13548 -> 41164
00960.jpg 13530 -> 41252
01130.jpg 12394 -> 41491
