00092.jpg 12070 -> 47804
00096.jpg 11981 -> 48061
00206.jpg 10595 -> 48448
00210.jpg 10848 -> 49186
00213.jpg 12353 -> 50151
00217.jpg 12695 -> 50349
00249.jpg 12093 -> 50758
00318.jpg 12198 -> 38031
00401.jpg 13242 -> 39263
00440.jpg 12647 -> 39757
00445.jpg 12673 -> 39773
00477.jpg 12865 -> 40472
00481.jpg 13507 -> 40214
00487.jpg 14024 -> 40475
00503.jpg 12888 -> 40260
00536.jpg 14400 -> 41095
00706.jpg 12295 -> 37154
00707.jpg 12894 -> 37377
00758.jpg 12651 -> 38308
00776.jpg 12342 -> 38054
00837.jpg 16439 -> 43484
00841.jpg 12893 -> 41673
00854.jpg 11757 -> 39271
00857.jpg 11618 -> 39034
00888.jpg 14448 -> 43666
00937.jpg 14241 -> 42701
00982.jpg 14874 -> 43329
01028.jpg 13260 -> 41127
01070.jpg 12305 -> 42162
