00032.jpg 2748 -> 51945
00051.jpg 2748 -> 48429
00054.jpg 2748 -> 49137
00055.jpg 2748 -> 48836
00057.jpg 2748 -> 49119
00062.jpg 2748 -> 50070
00065.jpg 2748 -> 52173
00066.jpg 2748 -> 52488
00090.jpg 2748 -> 46892
00091.jpg 2748 -> 51075
00098.jpg 2748 -> 56468
00102.jpg 2748 -> 59965
00156.jpg 2748 -> 50131
00179.jpg 2748 -> 44272
00185.jpg 2748 -> 38632
00186.jpg 2748 -> 40634
00213.jpg 2748 -> 43775
00215.jpg 2748 -> 43599
00233.jpg 2748 -> 41483
00236.jpg 2748 -> 37773
00237.jpg 2748 -> 36660
00243.jpg 2748 -> 33533
00278.jpg 2748 -> 46172
00279.jpg 2748 -> 51660
00282.jpg 2748 -> 41102
00372.jpg 2748 -> 52350
00377.jpg 2748 -> 38405
00390.jpg 2748 -> 37373
00419.jpg 2748 -> 34589
00420.jpg 2748 -> 38521
00421.jpg 2748 -> 47162
00435.jpg 2748 -> 43486
00440.jpg 2748 -> 43717
00454.jpg 2748 -> 37160
00479.jpg 2748 -> 36364
00485.jpg 2748 -> 36472
00486.jpg 2748 -> 40253
00489.jpg 2748 -> 39149
