00038.jpg 9941 -> 45233
00077.jpg 12243 -> 47526
00103.jpg 12134 -> 47972
00116.jpg 13716 -> 48968
00145.jpg 12827 -> 49027
00190.jpg 11001 -> 50231
00195.jpg 13917 -> 51401
00211.jpg 10998 -> 51391
00384.jpg 11715 -> 39832
00403.jpg 13467 -> 39712
00414.jpg 18581 -> 44846
00435.jpg 13948 -> 40908
00469.jpg 13513 -> 39678
00534.jpg 12405 -> 41565
00551.jpg 13448 -> 42951
00617.jpg 13882 -> 45191
00638.jpg 11690 -> 42635
00647.jpg 13196 -> 46051
00679.jpg 17433 -> 48577
00721.jpg 11477 -> 38459
00740.jpg 13951 -> 41985
00787.jpg 14897 -> 42555
00815.jpg 14188 -> 40315
00846.jpg 13712 -> 42893
00869.jpg 13527 -> 44399
00880.jpg 13378 -> 45735
00900.jpg 13342 -> 44353
00914.jpg 12418 -> 44193
00931.jpg 11956 -> 43456
00934.jpg 13213 -> 45879
00937.jpg 13485 -> 46561
00965.jpg 15560 -> 47487
00971.jpg 13825 -> 46775
00985.jpg 15277 -> 47849
00988.jpg 16745 -> 48679
01046.jpg 11596 -> 58123
01076.jpg 12865 -> 61761
01084.jpg 22118 -> 53475
01088.jpg 13014 -> 59705
01105.jpg 22725 -> 53729
01114.jpg 13450 -> 62227
01130.jpg 11950 -> 60281
01133.jpg 13052 -> 60970
01134.jpg 22681 -> 54247
