00037.jpg 10051 -> 45376
00089.jpg 10317 -> 46090
00103.jpg 12155 -> 48321
00159.jpg 13191 -> 49830
00304.jpg 13898 -> 38164
00352.jpg 12535 -> 38065
00369.jpg 12635 -> 38983
00388.jpg 13690 -> 39755
00428.jpg 13689 -> 40363
00486.jpg 15724 -> 41724
00511.jpg 16623 -> 41983
00573.jpg 13750 -> 41555
00688.jpg 12939 -> 40570
00735.jpg 13458 -> 42543
00749.jpg 12424 -> 42931
00793.jpg 12762 -> 45183
00846.jpg 13207 -> 47219
00850.jpg 12896 -> 46016
00857.jpg 13716 -> 45929
00888.jpg 12412 -> 45650
00905.jpg 13143 -> 46579
00925.jpg 12332 -> 46882
00929.jpg 12634 -> 47008
00930.jpg 13793 -> 47224
01045.jpg 24047 -> 55249
01048.jpg 12874 -> 60425
01083.jpg 13059 -> 61063
01085.jpg 12665 -> 62082
01113.jpg 23910 -> 55099
01146.jpg 15413 -> 61308
