00012.jpg 19053 -> 62475
00025.jpg 13995 -> 59178
00029.jpg 14868 -> 59857
00041.jpg 13457 -> 54370
00042.jpg 13460 -> 56446
00044.jpg 12098 -> 54219
00052.jpg 12095 -> 54181
00055.jpg 12075 -> 48181
00056.jpg 12096 -> 40730
00057.jpg 12130 -> 23599
00069.jpg 16042 -> 41888
00077.jpg 12123 -> 41680
00106.jpg 11932 -> 48276
00147.jpg 10837 -> 36243
00148.jpg 10878 -> 26633
00150.jpg 10856 -> 37494
00151.jpg 10833 -> 38480
00152.jpg 10807 -> 38656
00153.jpg 10897 -> 33475
00154.jpg 10820 -> 39353
00160.jpg 10852 -> 50306
00161.jpg 10874 -> 49659
00163.jpg 10941 -> 44780
00164.jpg 10816 -> 45552
00165.jpg 10810 -> 46966
00168.jpg 10816 -> 53006
00169.jpg 10843 -> 50333
00170.jpg 10873 -> 42325
00171.jpg 10819 -> 34335
00173.jpg 12397 -> 36269
00223.jpg 11494 -> 43978
00225.jpg 11550 -> 31227
00226.jpg 11538 -> 39485
00227.jpg 11521 -> 41843
00228.jpg 11607 -> 42106
00251.jpg 17674 -> 58169
00255.jpg 17760 -> 51297
00267.jpg 11642 -> 28958
00302.jpg 11426 -> 33217
00322.jpg 11386 -> 41283
00359.jpg 10583 -> 43923
00361.jpg 13328 -> 42010
00368.jpg 14019 -> 42126
00378.jpg 10342 -> 29526
00381.jpg 10315 -> 29954
00382.jpg 10301 -> 30461
00383.jpg 10295 -> 30593
00384.jpg 10346 -> 30550
00385.jpg 10301 -> 29840
00389.jpg 10311 -> 26158
00455.jpg 11680 -> 42687
00656.jpg 12527 -> 5927
00657.jpg 3079 -> 3079
00741.jpg 8543 -> 24454
00742.jpg 8569 -> 23594
00743.jpg 8562 -> 18945
00826.jpg 8589 -> 26062
00828.jpg 8670 -> 26165
00834.jpg 8885 -> 4181
00835.jpg 3149 -> 3149
00837.jpg 7510 -> 3457
00838.jpg 3149 -> 3149
00840.jpg 6816 -> 3556
00841.jpg 3149 -> 3149
00842.jpg 3149 -> 3149
00843.jpg 3149 -> 3149
00844.jpg 3149 -> 3149
00847.jpg 5625 -> 3175
00848.jpg 3149 -> 3149
00984.jpg 8595 -> 25814
01018.jpg 8595 -> 21585
