00040.jpg 9941 -> 45206
00066.jpg 10313 -> 46295
00121.jpg 11411 -> 48075
00148.jpg 10662 -> 48379
00164.jpg 12221 -> 48118
00244.jpg 11494 -> 50195
00388.jpg 12829 -> 39151
00402.jpg 14075 -> 40223
00418.jpg 12355 -> 38112
00468.jpg 11791 -> 38399
00496.jpg 11644 -> 38578
00501.jpg 11652 -> 39037
00595.jpg 13372 -> 40725
00765.jpg 14364 -> 39692
00791.jpg 14251 -> 40699
00820.jpg 12991 -> 38695
00847.jpg 12982 -> 38251
00877.jpg 14835 -> 41339
00905.jpg 14372 -> 40794
00909.jpg 15220 -> 41091
00934.jpg 18116 -> 44668
00974.jpg 14234 -> 39972
00977.jpg 14239 -> 40249
00982.jpg 13675 -> 40233
00994.jpg 13297 -> 40299
01112.jpg 12177 -> 41014
